// Jest Snapshot v1, https://goo.gl/fbAQLP

exports[`Counter snapshot test renders to DOM correctly 1`] = `
<div
  className="counter"
>
  <h4
    className="count"
  >
    0
  </h4>
  <a
    className="increment"
    href="*"
    onClick={[Function]}
  >
    Going up
  </a>
  <a
    className="decrement"
    href="*"
    onClick={[Function]}
  >
    Going down
  </a>
</div>
`;
